SNMP
SNMP


COMMUNITIES
public
private
manager


nmap -sU --open -p 161 10.11.1.1-254

CHECK ALL THE HOST IN ips IF THEY REPLY TO THE snmp_community list

root@KKK:~/Documents/OSCP2# onesixtyone -c snmp_community -i ips
Scanning 254 hosts, 3 communities
10.11.1.13 [public] Hardware: x86 Family 6 Model 12 Stepping 2 AT/AT COMPATIBLE - Software: Windows 2000 Version 5.1 (Build 2600 Uniprocessor Free)
10.11.1.14 [public] Hardware: x86 Family 6 Model 12 Stepping 2 AT/AT COMPATIBLE - Software: Windows 2000 Version 5.1 (Build 2600 Uniprocessor Free)


SNMP WALK  SCAN
root@KKK:~/Documents/OSCP2# snmpwalk -c public -v1 10.11.1.73
iso.3.6.1.2.1.1.1.0 = STRING: "Hardware: x86 Family 6 Model 44 Stepping 2 AT/AT COMPATIBLE - Software: Windows Version 6.1 (Build 7601 Multiprocessor Free)"
iso.3.6.1.2.1.1.2.0 = OID: iso.3.6.1.4.1.311.1.1.3.1.1
iso.3.6.1.2.1.1.3.0 = Timeticks: (381401693) 44 days


WINDOWS MIB USEFUL

root@KKK:~/Documents/OSCP2# 
root@KKK:~/Documents/OSCP2# snmpwalk -c public -v1 10.11.1.73 1.3.6.1.4.1.77.1.2.25
iso.3.6.1.4.1.77.1.2.25.1.1.4.106.105.108.108 = STRING: "jill"
iso.3.6.1.4.1.77.1.2.25.1.1.5.71.117.101.115.116 = STRING: "Guest"
iso.3.6.1.4.1.77.1.2.25.1.1.5.97.100.109.105.110 = STRING: "admin"
iso.3.6.1.4.1.77.1.2.25.1.1.13.65.100.109.105.110.105.115.116.114.97.116.111.114 = STRING: "Administrator"
iso.3.6.1.4.1.77.1.2.25.1.1.14.72.111.109.101.71.114.111.117.112.85.115.101.114.36 = STRING: "HomeGroupUser$"
root@KKK:~/Documents/OSCP2# 
root@KKK:~/Documents/OSCP2# 
root@KKK:~/Documents/OSCP2# snmpwalk -c public -v1 10.11.1.73 1.3.6.1.2.1.25.4.2.1.2
iso.3.6.1.2.1.25.4.2.1.2.1 = STRING: "System Idle Process"
iso.3.6.1.2.1.25.4.2.1.2.4 = STRING: "System"
iso.3.6.1.2.1.25.4.2.1.2.204 = STRING: "rotatelogs.exe"
iso.3.6.1.2.1.25.4.2.1.2.224 = STRING: "smss.exe"
iso.3.6.1.2.1.25.4.2.1.2.276 = STRING: "conhost.exe"
iso.3.6.1.2.1.25.4.2.1.2.320 = STRING: "csrss.exe"
iso.3.6.1.2.1.25.4.2.1.2.360 = STRING: "wininit.exe"
iso.3.6.1.2.1.25.4.2.1.2.372 = STRING: "csrss.exe"
iso.3.6.1.2.1.25.4.2.1.2.376 = STRING: "VGAuthService.exe"
^C
root@KKK:~/Documents/OSCP2# snmpwalk -c public -v1 10.11.1.731.3.6.1.2.1.6.13.1.3
snmpwalk: Unknown host (10.11.1.731.3.6.1.2.1.6.13.1.3) (No such file or directory)
root@KKK:~/Documents/OSCP2# 
root@KKK:~/Documents/OSCP2# 
root@KKK:~/Documents/OSCP2# snmpwalk -c public -v1 10.11.1.73 1.3.6.1.2.1.6.13.1.3
iso.3.6.1.2.1.6.13.1.3.0.0.0.0.135.0.0.0.0.0 = INTEGER: 135
iso.3.6.1.2.1.6.13.1.3.0.0.0.0.554.0.0.0.0.0 = INTEGER: 554
iso.3.6.1.2.1.6.13.1.3.0.0.0.0.3389.0.0.0.0.0 = INTEGER: 3389
iso.3.6.1.2.1.6.13.1.3.0.0.0.0.5800.0.0.0.0.0 = INTEGER: 5800
iso.3.6.1.2.1.6.13.1.3.0.0.0.0.5900.0.0.0.0.0 = INTEGER: 5900
iso.3.6.1.2.1.6.13.1.3.0.0.0.0.8014.0.0.0.0.0 = INTEGER: 8014
iso.3.6.1.2.1.6.13.1.3.0.0.0.0.8080.0.0.0.0.0 = INTEGER: 8080

^C
root@KKK:~/Documents/OSCP2# snmpwalk -c public -v1 10.11.1.73 1.3.6.1.2.1.25.6.3.1.2
iso.3.6.1.2.1.25.6.3.1.2.1 = STRING: "LiveUpdate 3.3 (Symantec Corporation)"
iso.3.6.1.2.1.25.6.3.1.2.2 = STRING: "WampServer 2.5"


SNMPCHECK

root@KKK:~/Documents/OSCP2# snmp-check 10.11.1.73 -c public
snmp-check v1.9 - SNMP enumerator
Copyright (c) 2005-2015 by Matteo Cantoni (www.nothink.org)




